src/store/store.ts(24,7): error TS2322: Type 'Reducer<BrandState>' is not assignable to type 'Reducer<BrandState, UnknownAction, BrandState | undefined>'.
  Type 'BrandState | undefined' is not assignable to type 'BrandState'.
    Type 'undefined' is not assignable to type 'BrandState'.
